/home/tmori/work/accelerator/github/SAD/contrib/gdtoa/test/obad/strtodt.out